// Jest Snapshot v1, https://goo.gl/fbAQLP

exports[`app renders correctly snapshot correct 1`] = `
<div class="pa-4" id="app">Hello word!<router-view-stub name="default"></router-view-stub>
</div>
`;
